Room created: EYVB by Host host1
--- TEST START ---
--- Game 1 Start ---
[DEBUG] STARTING GAME for Room: EYVB
[DEBUG] Sockets in Room EYVB: []
R1 Question (Auto): t2
Used: [ 't2' ]
--- Triggering Next Round (2) ---
R2 Question: t3
Used: [ 't2', 't3' ]
--- Triggering Next Round (3) ---
R3 Question: t1
Used: [ 't2', 't3', 't1' ]
--- Triggering Next Round (4 - Recycle?) ---
R4 Question: t3
Used: [ 't3' ]
--- Game 2 Reset ---
Used after Reset: [ 't3' ]
--- Game 2 Start ---
[DEBUG] STARTING GAME for Room: EYVB
[DEBUG] Sockets in Room EYVB: []
G2 R1 Question: t1
Used: [ 't3', 't1' ]
--- TEST END ---
